// Jest Snapshot v1, https://goo.gl/fbAQLP

exports[`DurationFieldsContainer can match snapshot 1`] = `
<DocumentFragment>
  <div
    class="MuiGrid-root MuiGrid-container MuiGrid-spacing-xs-2 MuiGrid-justify-xs-space-around"
  >
    <div
      class="MuiGrid-root MuiGrid-item"
    >
      <div
        class="MuiFormControl-root MuiTextField-root"
      >
        <div
          class="MuiInputBase-root MuiInput-root MuiInput-underline MuiInputBase-formControl MuiInput-formControl"
        >
          <input
            aria-invalid="false"
            class="MuiInputBase-input MuiInput-input"
            title="fieldTitle"
            type="number"
            value="5"
          />
        </div>
      </div>
    </div>
    <div
      class="MuiGrid-root MuiGrid-item"
    >
      <div
        class="MuiFormControl-root MuiTextField-root"
      >
        <div
          class="MuiInputBase-root MuiInput-root MuiInput-underline MuiInputBase-formControl MuiInput-formControl"
        >
          <input
            aria-invalid="false"
            class="MuiInputBase-input MuiInput-input"
            title="fieldTitle"
            type="number"
            value="2"
          />
        </div>
      </div>
    </div>
  </div>
</DocumentFragment>
`;
